Archive member included because of file (symbol)

d:/development/gcc-arm-none-eabi-4_8-2014q2/bin/../lib/gcc/arm-none-eabi/4.8.4/../../../../arm-none-eabi/lib/armv7e-m\libg_s.a(lib_a-errno.o)
                              ./system/src/newlib/_sbrk.o (__errno)
d:/development/gcc-arm-none-eabi-4_8-2014q2/bin/../lib/gcc/arm-none-eabi/4.8.4/../../../../arm-none-eabi/lib/armv7e-m\libg_s.a(lib_a-impure.o)
                              d:/development/gcc-arm-none-eabi-4_8-2014q2/bin/../lib/gcc/arm-none-eabi/4.8.4/../../../../arm-none-eabi/lib/armv7e-m\libg_s.a(lib_a-errno.o) (_impure_ptr)
d:/development/gcc-arm-none-eabi-4_8-2014q2/bin/../lib/gcc/arm-none-eabi/4.8.4/../../../../arm-none-eabi/lib/armv7e-m\libg_s.a(lib_a-rand.o)
                              ./src/main.o (rand)
d:/development/gcc-arm-none-eabi-4_8-2014q2/bin/../lib/gcc/arm-none-eabi/4.8.4/../../../../arm-none-eabi/lib/armv7e-m\libg_s.a(lib_a-malloc.o)
                              d:/development/gcc-arm-none-eabi-4_8-2014q2/bin/../lib/gcc/arm-none-eabi/4.8.4/../../../../arm-none-eabi/lib/armv7e-m\libg_s.a(lib_a-rand.o) (malloc)
d:/development/gcc-arm-none-eabi-4_8-2014q2/bin/../lib/gcc/arm-none-eabi/4.8.4/../../../../arm-none-eabi/lib/armv7e-m\libg_s.a(lib_a-nano-freer.o)
                              d:/development/gcc-arm-none-eabi-4_8-2014q2/bin/../lib/gcc/arm-none-eabi/4.8.4/../../../../arm-none-eabi/lib/armv7e-m\libg_s.a(lib_a-malloc.o) (_free_r)
d:/development/gcc-arm-none-eabi-4_8-2014q2/bin/../lib/gcc/arm-none-eabi/4.8.4/../../../../arm-none-eabi/lib/armv7e-m\libg_s.a(lib_a-nano-mallocr.o)
                              d:/development/gcc-arm-none-eabi-4_8-2014q2/bin/../lib/gcc/arm-none-eabi/4.8.4/../../../../arm-none-eabi/lib/armv7e-m\libg_s.a(lib_a-malloc.o) (_malloc_r)
d:/development/gcc-arm-none-eabi-4_8-2014q2/bin/../lib/gcc/arm-none-eabi/4.8.4/../../../../arm-none-eabi/lib/armv7e-m\libg_s.a(lib_a-sbrkr.o)
                              d:/development/gcc-arm-none-eabi-4_8-2014q2/bin/../lib/gcc/arm-none-eabi/4.8.4/../../../../arm-none-eabi/lib/armv7e-m\libg_s.a(lib_a-nano-mallocr.o) (_sbrk_r)

Allocating common symbols
Common symbol       size              file

errno               0x4               ./system/src/newlib/_syscalls.o
pFlash              0x1c              ./system/src/stm32f4-hal/stm32f4xx_hal_flash.o
huart2              0x3c              ./src/main.o

Discarded input sections

 .group         0x00000000        0x8 ./system/src/stm32f4-hal/stm32f4xx_hal.o
 .group         0x00000000        0x8 ./system/src/stm32f4-hal/stm32f4xx_hal.o
 .group         0x00000000        0x8 ./system/src/stm32f4-hal/stm32f4xx_hal.o
 .group         0x00000000        0x8 ./system/src/stm32f4-hal/stm32f4xx_hal.o
 .group         0x00000000        0x8 ./system/src/stm32f4-hal/stm32f4xx_hal.o
 .group         0x00000000        0x8 ./system/src/stm32f4-hal/stm32f4xx_hal.o
 .group         0x00000000        0x8 ./system/src/stm32f4-hal/stm32f4xx_hal.o
 .group         0x00000000        0x8 ./system/src/stm32f4-hal/stm32f4xx_hal.o
 .group         0x00000000        0x8 ./system/src/stm32f4-hal/stm32f4xx_hal.o
 .group         0x00000000        0x8 ./system/src/stm32f4-hal/stm32f4xx_hal.o
 .group         0x00000000        0x8 ./system/src/stm32f4-hal/stm32f4xx_hal.o
 .group         0x00000000        0x8 ./system/src/stm32f4-hal/stm32f4xx_hal.o
 .group         0x00000000        0x8 ./system/src/stm32f4-hal/stm32f4xx_hal.o
 .group         0x00000000        0x8 ./system/src/stm32f4-hal/stm32f4xx_hal.o
 .group         0x00000000        0x8 ./system/src/stm32f4-hal/stm32f4xx_hal.o
 .group         0x00000000        0x8 ./system/src/stm32f4-hal/stm32f4xx_hal.o
 .group         0x00000000        0x8 ./system/src/stm32f4-hal/stm32f4xx_hal.o
 .group         0x00000000        0x8 ./system/src/stm32f4-hal/stm32f4xx_hal.o
 .group         0x00000000        0x8 ./system/src/stm32f4-hal/stm32f4xx_hal.o
 .group         0x00000000        0x8 ./system/src/stm32f4-hal/stm32f4xx_hal.o
 .group         0x00000000        0x8 ./system/src/stm32f4-hal/stm32f4xx_hal.o
 .group         0x00000000        0x8 ./system/src/stm32f4-hal/stm32f4xx_hal.o
 .group         0x00000000        0x8 ./system/src/stm32f4-hal/stm32f4xx_hal.o
 .group         0x00000000        0x8 ./system/src/stm32f4-hal/stm32f4xx_hal.o
 .group         0x00000000        0x8 ./system/src/stm32f4-hal/stm32f4xx_hal.o
 .group         0x00000000        0x8 ./system/src/stm32f4-hal/stm32f4xx_hal.o
 .group         0x00000000        0x8 ./system/src/stm32f4-hal/stm32f4xx_hal.o
 .group         0x00000000        0x8 ./system/src/stm32f4-hal/stm32f4xx_hal.o
 .group         0x00000000        0x8 ./system/src/stm32f4-hal/stm32f4xx_hal.o
 .group         0x00000000        0x8 ./system/src/stm32f4-hal/stm32f4xx_hal.o
 .group         0x00000000        0x8 ./system/src/stm32f4-hal/stm32f4xx_hal.o
 .group         0x00000000        0x8 ./system/src/stm32f4-hal/stm32f4xx_hal.o
[...]
Memory Configuration

Name             Origin             Length             Attributes
RAM              0x20000000         0x00010000         xrw
CCMRAM           0x10000000         0x00000000         xrw
FLASH            0x08000000         0x00080000         xr
FLASHB1          0x00000000         0x00000000         xr
EXTMEMB0         0x00000000         0x00000000         xr
EXTMEMB1         0x00000000         0x00000000         xr
EXTMEMB2         0x00000000         0x00000000         xr
EXTMEMB3         0x00000000         0x00000000         xr
*default*        0x00000000         0xffffffff

Linker script and memory map

LOAD ./system/src/stm32f4-hal/stm32f4xx_hal.o
LOAD ./system/src/stm32f4-hal/stm32f4xx_hal_cortex.o
LOAD ./system/src/stm32f4-hal/stm32f4xx_hal_flash.o
LOAD ./system/src/stm32f4-hal/stm32f4xx_hal_flash_ex.o
LOAD ./system/src/stm32f4-hal/stm32f4xx_hal_flash_ramfunc.o
LOAD ./system/src/stm32f4-hal/stm32f4xx_hal_gpio.o
LOAD ./system/src/stm32f4-hal/stm32f4xx_hal_iwdg.o
LOAD ./system/src/stm32f4-hal/stm32f4xx_hal_pcd_ex.o
LOAD ./system/src/stm32f4-hal/stm32f4xx_hal_pwr.o
LOAD ./system/src/stm32f4-hal/stm32f4xx_hal_pwr_ex.o
LOAD ./system/src/stm32f4-hal/stm32f4xx_hal_rcc.o
LOAD ./system/src/stm32f4-hal/stm32f4xx_hal_rcc_ex.o
LOAD ./system/src/stm32f4-hal/stm32f4xx_hal_uart.o
LOAD ./system/src/stm32f4-hal/stm32f4xx_hal_usart.o
LOAD ./system/src/newlib/_cxx.o
LOAD ./system/src/newlib/_exit.o
LOAD ./system/src/newlib/_sbrk.o
LOAD ./system/src/newlib/_startup.o
LOAD ./system/src/newlib/_syscalls.o
LOAD ./system/src/newlib/assert.o
LOAD ./system/src/diag/Trace.o
LOAD ./system/src/diag/trace_impl.o
LOAD ./system/src/cortexm/_initialize_hardware.o
LOAD ./system/src/cortexm/_reset_hardware.o
LOAD ./system/src/cortexm/exception_handlers.o
LOAD ./system/src/cmsis/system_stm32f4xx.o
LOAD ./system/src/cmsis/vectors_stm32f4xx.o
LOAD ./src/_initialize_hardware.o
LOAD ./src/_write.o
LOAD ./src/main.o
LOAD ./src/setup_hw.o
LOAD d:/development/gcc-arm-none-eabi-4_8-2014q2/bin/../lib/gcc/arm-none-eabi/4.8.4/../../../../arm-none-eabi/lib/armv7e-m\libstdc++_s.a
LOAD d:/development/gcc-arm-none-eabi-4_8-2014q2/bin/../lib/gcc/arm-none-eabi/4.8.4/../../../../arm-none-eabi/lib/armv7e-m\libm.a
START GROUP
LOAD d:/development/gcc-arm-none-eabi-4_8-2014q2/bin/../lib/gcc/arm-none-eabi/4.8.4/armv7e-m\libgcc.a
LOAD d:/development/gcc-arm-none-eabi-4_8-2014q2/bin/../lib/gcc/arm-none-eabi/4.8.4/../../../../arm-none-eabi/lib/armv7e-m\libg_s.a
LOAD d:/development/gcc-arm-none-eabi-4_8-2014q2/bin/../lib/gcc/arm-none-eabi/4.8.4/../../../../arm-none-eabi/lib/armv7e-m\libc_s.a
END GROUP
START GROUP
LOAD d:/development/gcc-arm-none-eabi-4_8-2014q2/bin/../lib/gcc/arm-none-eabi/4.8.4/armv7e-m\libgcc.a
LOAD d:/development/gcc-arm-none-eabi-4_8-2014q2/bin/../lib/gcc/arm-none-eabi/4.8.4/../../../../arm-none-eabi/lib/armv7e-m\libc_s.a
END GROUP
                0x20010000                __stack = (ORIGIN (RAM) + 0x10000)
                0x20010000                _estack = __stack
                0x00000400                __Main_Stack_Size = 0x400
                0x00000400                PROVIDE (_Main_Stack_Size, __Main_Stack_Size)
                0x2000fc00                __Main_Stack_Limit = (__stack - __Main_Stack_Size)
                0x2000fc00                PROVIDE (_Main_Stack_Limit, __Main_Stack_Limit)
                0x00000100                _Minimum_Stack_Size = 0x100
                0x200000d8                PROVIDE (_Heap_Begin, _end_noinit)
                0x2000fc00                PROVIDE (_Heap_Limit, (__stack - __Main_Stack_Size))

.isr_vector     0x08000000      0x2f4
 FILL mask 0xff
                0x08000000                __vectors_start__ = ABSOLUTE (.)
 *(.isr_vector)
 .isr_vector    0x08000000      0x194 ./system/src/cmsis/vectors_stm32f4xx.o
                0x08000000                __isr_vectors
 *(.cfmconfig)
 *(.after_vectors .after_vectors.*)
 .after_vectors
                0x08000194      0x130 ./system/src/newlib/_startup.o
                0x08000194                _start
 .after_vectors
                0x080002c4       0x2c ./system/src/cortexm/exception_handlers.o
                0x080002c4                Reset_Handler
                0x080002cc                NMI_Handler
                0x080002d0                HardFault_Handler
                0x080002d4                MemManage_Handler
                0x080002d8                BusFault_Handler
                0x080002dc                UsageFault_Handler
                0x080002e0                SVC_Handler
                0x080002e4                DebugMon_Handler
                0x080002e8                PendSV_Handler
                0x080002ec                SysTick_Handler
 .after_vectors
                0x080002f0        0x4 ./system/src/cmsis/vectors_stm32f4xx.o
                0x080002f0                RTC_Alarm_IRQHandler
                0x080002f0                HASH_RNG_IRQHandler
                0x080002f0                EXTI2_IRQHandler
                0x080002f0                TIM8_CC_IRQHandler
                0x080002f0                SPI4_IRQHandler
                0x080002f0                TIM1_CC_IRQHandler
                0x080002f0                DMA2_Stream5_IRQHandler
                0x080002f0                DMA1_Stream5_IRQHandler
                0x080002f0                PVD_IRQHandler
                0x080002f0                SDIO_IRQHandler
                0x080002f0                TAMP_STAMP_IRQHandler
                0x080002f0                CAN2_RX1_IRQHandler
                0x080002f0                EXTI3_IRQHandler
                0x080002f0                TIM8_TRG_COM_TIM14_IRQHandler
                0x080002f0                TIM1_UP_TIM10_IRQHandler
                0x080002f0                TIM8_UP_TIM13_IRQHandler
                0x080002f0                I2C3_ER_IRQHandler
                0x080002f0                EXTI0_IRQHandler
                0x080002f0                I2C2_EV_IRQHandler
                0x080002f0                DMA1_Stream2_IRQHandler
                0x080002f0                CAN1_RX0_IRQHandler
                0x080002f0                FPU_IRQHandler
                0x080002f0                OTG_HS_WKUP_IRQHandler
                0x080002f0                CAN2_SCE_IRQHandler
                0x080002f0                DMA2_Stream2_IRQHandler
                0x080002f0                SPI1_IRQHandler
                0x080002f0                TIM6_DAC_IRQHandler
                0x080002f0                TIM1_BRK_TIM9_IRQHandler
                0x080002f0                DCMI_IRQHandler
                0x080002f0                CAN2_RX0_IRQHandler
                0x080002f0                DMA2_Stream3_IRQHandler
                0x080002f0                USART3_IRQHandler
                0x080002f0                CRYP_IRQHandler
                0x080002f0                CAN1_RX1_IRQHandler
                0x080002f0                UART5_IRQHandler
                0x080002f0                DMA2_Stream0_IRQHandler
                0x080002f0                TIM4_IRQHandler
                0x080002f0                I2C1_EV_IRQHandler
                0x080002f0                DMA1_Stream6_IRQHandler
                0x080002f0                DMA1_Stream1_IRQHandler
                0x080002f0                UART4_IRQHandler
                0x080002f0                TIM3_IRQHandler
                0x080002f0                RCC_IRQHandler
                0x080002f0                TIM8_BRK_TIM12_IRQHandler
                0x080002f0                Default_Handler
                0x080002f0                EXTI15_10_IRQHandler
                0x080002f0                ADC_IRQHandler
                0x080002f0                DMA1_Stream7_IRQHandler
                0x080002f0                SPI5_IRQHandler
                0x080002f0                TIM7_IRQHandler
                0x080002f0                CAN2_TX_IRQHandler
                0x080002f0                TIM5_IRQHandler
                0x080002f0                DMA2_Stream7_IRQHandler
                0x080002f0                I2C3_EV_IRQHandler
                0x080002f0                EXTI9_5_IRQHandler
                0x080002f0                RTC_WKUP_IRQHandler
                0x080002f0                ETH_WKUP_IRQHandler
                0x080002f0                SPI2_IRQHandler
                0x080002f0                OTG_HS_EP1_IN_IRQHandler
                0x080002f0                DMA1_Stream0_IRQHandler
                0x080002f0                CAN1_TX_IRQHandler
                0x080002f0                EXTI4_IRQHandler
                0x080002f0                FSMC_IRQHandler
                0x080002f0                ETH_IRQHandler
                0x080002f0                OTG_HS_EP1_OUT_IRQHandler
                0x080002f0                WWDG_IRQHandler
                0x080002f0                TIM2_IRQHandler
                0x080002f0                OTG_FS_WKUP_IRQHandler
                0x080002f0                TIM1_TRG_COM_TIM11_IRQHandler
                0x080002f0                OTG_HS_IRQHandler
                0x080002f0                EXTI1_IRQHandler
                0x080002f0                USART2_IRQHandler
                0x080002f0                I2C2_ER_IRQHandler
                0x080002f0                DMA2_Stream1_IRQHandler
                0x080002f0                CAN1_SCE_IRQHandler
                0x080002f0                FLASH_IRQHandler
                0x080002f0                DMA2_Stream4_IRQHandler
                0x080002f0                USART1_IRQHandler
                0x080002f0                OTG_FS_IRQHandler
                0x080002f0                SPI3_IRQHandler
                0x080002f0                DMA1_Stream4_IRQHandler
                0x080002f0                I2C1_ER_IRQHandler
                0x080002f0                DMA2_Stream6_IRQHandler
                0x080002f0                DMA1_Stream3_IRQHandler

.inits          0x080002f4       0x28
                0x080002f4                __data_regions_array_start = .
                0x080002f4        0x4 LONG 0x8002004 LOADADDR (.data)
                0x080002f8        0x4 LONG 0x20000000 ADDR (.data)
                0x080002fc        0x4 LONG 0x20000078 (ADDR (.data) + SIZEOF (.data))
                0x08000300        0x4 LONG 0x8002004 LOADADDR (.data_CCMRAM)
                0x08000304        0x4 LONG 0x10000000 ADDR (.data_CCMRAM)
                0x08000308        0x4 LONG 0x10000000 (ADDR (.data_CCMRAM) + SIZEOF (.data_CCMRAM))
                0x0800030c                __data_regions_array_end = .
                0x0800030c                __bss_regions_array_start = .
                0x0800030c        0x4 LONG 0x20000078 ADDR (.bss)
                0x08000310        0x4 LONG 0x200000d8 (ADDR (.bss) + SIZEOF (.bss))
                0x08000314        0x4 LONG 0x10000000 ADDR (.bss_CCMRAM)
                0x08000318        0x4 LONG 0x10000000 (ADDR (.bss_CCMRAM) + SIZEOF (.bss_CCMRAM))
                0x0800031c                __bss_regions_array_end = .
 *(.init)
 *(.fini)
                0x0800031c                . = ALIGN (0x4)
                0x0800031c                PROVIDE (__preinit_array_start, .)
 *(.preinit_array_sysinit .preinit_array_sysinit.*)
 *(.preinit_array_platform .preinit_array_platform.*)
 *(.preinit_array .preinit_array.*)
                0x0800031c                PROVIDE (__preinit_array_end, .)
                0x0800031c                . = ALIGN (0x4)
                0x0800031c                PROVIDE (__init_array_start, .)
 *(SORT(.init_array.*))
 *(.init_array)
                0x0800031c                PROVIDE (__init_array_end, .)
                0x0800031c                . = ALIGN (0x4)
                0x0800031c                PROVIDE (__fini_array_start, .)
 *(SORT(.fini_array.*))
 *(.fini_array)
                0x0800031c                PROVIDE (__fini_array_end, .)

.flashtext
 *(.flashtext .flashtext.*)

.text           0x0800031c     0x1ce6
 *(.text .text.*)
 .text.HAL_MspInit
                0x0800031c        0x4 ./system/src/stm32f4-hal/stm32f4xx_hal.o
                0x0800031c                HAL_MspInit
 .text.HAL_InitTick
                0x08000320       0x28 ./system/src/stm32f4-hal/stm32f4xx_hal.o
                0x08000320                HAL_InitTick
 .text.HAL_Init
                0x08000348       0x34 ./system/src/stm32f4-hal/stm32f4xx_hal.o
                0x08000348                HAL_Init
 .text.HAL_GetTick
                0x0800037c        0xc ./system/src/stm32f4-hal/stm32f4xx_hal.o
                0x0800037c                HAL_GetTick
 .text.HAL_SuspendTick
                0x08000388       0x10 ./system/src/stm32f4-hal/stm32f4xx_hal.o
                0x08000388                HAL_SuspendTick
 .text.HAL_NVIC_SetPriorityGrouping
                0x08000398       0x3c ./system/src/stm32f4-hal/stm32f4xx_hal_cortex.o
                0x08000398                HAL_NVIC_SetPriorityGrouping
 .text.HAL_NVIC_SetPriority
                0x080003d4       0x84 ./system/src/stm32f4-hal/stm32f4xx_hal_cortex.o
                0x080003d4                HAL_NVIC_SetPriority
 .text.HAL_NVIC_EnableIRQ
                0x08000458       0x18 ./system/src/stm32f4-hal/stm32f4xx_hal_cortex.o
                0x08000458                HAL_NVIC_EnableIRQ
 .text.HAL_SYSTICK_Config
                0x08000470       0x2c ./system/src/stm32f4-hal/stm32f4xx_hal_cortex.o
                0x08000470                HAL_SYSTICK_Config
 .text.HAL_GPIO_Init
                0x0800049c      0x2b4 ./system/src/stm32f4-hal/stm32f4xx_hal_gpio.o
                0x0800049c                HAL_GPIO_Init
 .text.HAL_RCC_OscConfig
                0x08000750      0x4b0 ./system/src/stm32f4-hal/stm32f4xx_hal_rcc.o
                0x08000750                HAL_RCC_OscConfig
 .text.HAL_RCC_ClockConfig
                0x08000c00      0x350 ./system/src/stm32f4-hal/stm32f4xx_hal_rcc.o
                0x08000c00                HAL_RCC_ClockConfig
 .text.HAL_RCC_GetSysClockFreq
                0x08000f50       0xb0 ./system/src/stm32f4-hal/stm32f4xx_hal_rcc.o
                0x08000f50                HAL_RCC_GetSysClockFreq
 .text.HAL_RCC_GetHCLKFreq
                0x08001000       0x38 ./system/src/stm32f4-hal/stm32f4xx_hal_rcc.o
                0x08001000                HAL_RCC_GetHCLKFreq
 .text.HAL_RCC_GetPCLK1Freq
                0x08001038       0x30 ./system/src/stm32f4-hal/stm32f4xx_hal_rcc.o
                0x08001038                HAL_RCC_GetPCLK1Freq
 .text.HAL_RCC_GetPCLK2Freq
                0x08001068       0x30 ./system/src/stm32f4-hal/stm32f4xx_hal_rcc.o
                0x08001068                HAL_RCC_GetPCLK2Freq
 .text.UART_SetConfig
                0x08001098      0x2f8 ./system/src/stm32f4-hal/stm32f4xx_hal_uart.o
 .text.UART_WaitOnFlagUntilTimeout
                0x08001390       0xd4 ./system/src/stm32f4-hal/stm32f4xx_hal_uart.o
 .text.HAL_UART_MspInit
                0x08001464        0x4 ./system/src/stm32f4-hal/stm32f4xx_hal_uart.o
                0x08001464                HAL_UART_MspInit
 .text.HAL_UART_Init
                0x08001468       0xac ./system/src/stm32f4-hal/stm32f4xx_hal_uart.o
                0x08001468                HAL_UART_Init
 .text.HAL_UART_Transmit
                0x08001514       0xf8 ./system/src/stm32f4-hal/stm32f4xx_hal_uart.o
                0x08001514                HAL_UART_Transmit
 .text.HAL_UART_Receive_IT
                0x0800160c       0x80 ./system/src/stm32f4-hal/stm32f4xx_hal_uart.o
                0x0800160c                HAL_UART_Receive_IT
 .text.HAL_UART_TxCpltCallback
                0x0800168c        0x4 ./system/src/stm32f4-hal/stm32f4xx_hal_uart.o
                0x0800168c                HAL_UART_TxCpltCallback
 .text.UART_Transmit_IT
                0x08001690       0xb0 ./system/src/stm32f4-hal/stm32f4xx_hal_uart.o
 .text.HAL_UART_RxCpltCallback
                0x08001740        0x4 ./system/src/stm32f4-hal/stm32f4xx_hal_uart.o
                0x08001740                HAL_UART_RxCpltCallback
 .text.UART_Receive_IT
                0x08001744       0xb4 ./system/src/stm32f4-hal/stm32f4xx_hal_uart.o
 .text.HAL_UART_ErrorCallback
                0x080017f8        0x4 ./system/src/stm32f4-hal/stm32f4xx_hal_uart.o
                0x080017f8                HAL_UART_ErrorCallback
 .text.HAL_UART_IRQHandler
                0x080017fc       0xcc ./system/src/stm32f4-hal/stm32f4xx_hal_uart.o
                0x080017fc                HAL_UART_IRQHandler
 .text._exit    0x080018c8        0x4 ./system/src/newlib/_exit.o
                0x080018c8                _exit
 .text.abort    0x080018cc        0x8 ./system/src/newlib/_exit.o
                0x080018cc                abort
 .text._sbrk    0x080018d4       0x44 ./system/src/newlib/_sbrk.o
                0x080018d4                _sbrk
 .text.__initialize_args
                0x08001918       0x10 ./system/src/newlib/_syscalls.o
                0x08001918                __initialize_args
 .text.assert_failed
                0x08001928        0x8 ./system/src/newlib/assert.o
                0x08001928                assert_failed
 .text.__initialize_hardware_early
                0x08001930        0x8 ./system/src/cortexm/_initialize_hardware.o
                0x08001930                __initialize_hardware_early
 .text.SystemInit
                0x08001938       0x40 ./system/src/cmsis/system_stm32f4xx.o
                0x08001938                SystemInit
 .text.configure_system_clock
                0x08001978       0x68 ./src/_initialize_hardware.o
                0x08001978                configure_system_clock
 .text.__initialize_hardware
                0x080019e0       0x14 ./src/_initialize_hardware.o
                0x080019e0                __initialize_hardware
 .text.USART6_IRQHandler
                0x080019f4       0x18 ./src/main.o
                0x080019f4                USART6_IRQHandler
 .text.randomizeFramebuffer
                0x08001a0c       0x60 ./src/main.o
                0x08001a0c                randomizeFramebuffer
 .text.setRow   0x08001a6c       0x60 ./src/main.o
                0x08001a6c                setRow
 .text.setRGB   0x08001acc       0x98 ./src/main.o
                0x08001acc                setRGB
 .text.showLine
                0x08001b64       0x30 ./src/main.o
                0x08001b64                showLine
 .text.main     0x08001b94      0x148 ./src/main.o
                0x08001b94                main
 .text.initUART
                0x08001cdc       0x6c ./src/setup_hw.o
                0x08001cdc                initUART
 .text.initGPIO
                0x08001d48       0x60 ./src/setup_hw.o
                0x08001d48                initGPIO
 .text.__errno  0x08001da8        0xc d:/development/gcc-arm-none-eabi-4_8-2014q2/bin/../lib/gcc/arm-none-eabi/4.8.4/../../../../arm-none-eabi/lib/armv7e-m\libg_s.a(lib_a-errno.o)
                0x08001da8                __errno
 .text.rand     0x08001db4       0x74 d:/development/gcc-arm-none-eabi-4_8-2014q2/bin/../lib/gcc/arm-none-eabi/4.8.4/../../../../arm-none-eabi/lib/armv7e-m\libg_s.a(lib_a-rand.o)
                0x08001db4                rand
 .text.malloc   0x08001e28       0x10 d:/development/gcc-arm-none-eabi-4_8-2014q2/bin/../lib/gcc/arm-none-eabi/4.8.4/../../../../arm-none-eabi/lib/armv7e-m\libg_s.a(lib_a-malloc.o)
                0x08001e28                malloc
 .text._malloc_r
                0x08001e38       0xa8 d:/development/gcc-arm-none-eabi-4_8-2014q2/bin/../lib/gcc/arm-none-eabi/4.8.4/../../../../arm-none-eabi/lib/armv7e-m\libg_s.a(lib_a-nano-mallocr.o)
                0x08001e38                _malloc_r
 .text._sbrk_r  0x08001ee0       0x20 d:/development/gcc-arm-none-eabi-4_8-2014q2/bin/../lib/gcc/arm-none-eabi/4.8.4/../../../../arm-none-eabi/lib/armv7e-m\libg_s.a(lib_a-sbrkr.o)
                0x08001ee0                _sbrk_r
 *(.rodata .rodata.* .constdata .constdata.*)
 .rodata.str1.4
                0x08001f00       0x31 ./system/src/stm32f4-hal/stm32f4xx_hal_cortex.o
                                 0x34 (size before relaxing)
 *fill*         0x08001f31        0x3 
 .rodata.str1.4
                0x08001f34       0x2f ./system/src/stm32f4-hal/stm32f4xx_hal_gpio.o
                                 0x30 (size before relaxing)
 *fill*         0x08001f63        0x1 
 .rodata.APBAHBPrescTable
                0x08001f64       0x10 ./system/src/stm32f4-hal/stm32f4xx_hal_rcc.o
                0x08001f64                APBAHBPrescTable
 .rodata.str1.4
                0x08001f74       0x2e ./system/src/stm32f4-hal/stm32f4xx_hal_rcc.o
                                 0x30 (size before relaxing)
 *fill*         0x08001fa2        0x2 
 .rodata.str1.4
                0x08001fa4       0x2f ./system/src/stm32f4-hal/stm32f4xx_hal_uart.o
                                 0x30 (size before relaxing)
 *fill*         0x08001fd3        0x1 
 .rodata        0x08001fd4       0x20 ./src/main.o
 .rodata.str1.4
                0x08001ff4        0xc ./src/main.o
 .rodata.str1.1
                0x08002000        0x2 d:/development/gcc-arm-none-eabi-4_8-2014q2/bin/../lib/gcc/arm-none-eabi/4.8.4/../../../../arm-none-eabi/lib/armv7e-m\libg_s.a(lib_a-impure.o)
 *(vtable)
 *(.eh_frame*)
 *(.glue_7)
 .glue_7        0x00000000        0x0 linker stubs
 *(.glue_7t)
 .glue_7t       0x00000000        0x0 linker stubs

.vfp11_veneer   0x08002004        0x0
 .vfp11_veneer  0x00000000        0x0 linker stubs

.v4_bx          0x08002004        0x0
 .v4_bx         0x00000000        0x0 linker stubs

.iplt           0x08002004        0x0
 .iplt          0x00000000        0x0 ./system/src/stm32f4-hal/stm32f4xx_hal.o

.rel.dyn        0x08002004        0x0
 .rel.iplt      0x00000000        0x0 ./system/src/stm32f4-hal/stm32f4xx_hal.o

.ARM.extab
 *(.ARM.extab* .gnu.linkonce.armextab.*)
                0x08002004                . = ALIGN (0x4)
                0x08002004                __exidx_start = .

.ARM.exidx
 *(.ARM.exidx* .gnu.linkonce.armexidx.*)
                0x08002004                __exidx_end = .
                0x08002004                . = ALIGN (0x4)
                0x08002004                _etext = .
                0x08002004                __etext = .

.data_CCMRAM    0x10000000        0x0 load address 0x08002004
 FILL mask 0xff
 *(.data.CCMRAM .data.CCMRAM.*)
                0x10000000                . = ALIGN (0x4)
                0x08002004                _sidata = LOADADDR (.data)

.data           0x20000000       0x78 load address 0x08002004
 FILL mask 0xff
                0x20000000                _sdata = .
                0x20000000                __data_start__ = .
 *(.data_begin .data_begin.*)
 .data_begin    0x20000000        0x4 ./system/src/newlib/_startup.o
 *(.data .data.*)
 .data.argv.4461
                0x20000004        0x8 ./system/src/newlib/_syscalls.o
 .data.SystemCoreClock
                0x2000000c        0x4 ./system/src/cmsis/system_stm32f4xx.o
                0x2000000c                SystemCoreClock
 .data.impure_data
                0x20000010       0x60 d:/development/gcc-arm-none-eabi-4_8-2014q2/bin/../lib/gcc/arm-none-eabi/4.8.4/../../../../arm-none-eabi/lib/armv7e-m\libg_s.a(lib_a-impure.o)
 .data._impure_ptr
                0x20000070        0x4 d:/development/gcc-arm-none-eabi-4_8-2014q2/bin/../lib/gcc/arm-none-eabi/4.8.4/../../../../arm-none-eabi/lib/armv7e-m\libg_s.a(lib_a-impure.o)
                0x20000070                _impure_ptr
 *(.data_end .data_end.*)
 .data_end      0x20000074        0x4 ./system/src/newlib/_startup.o
                0x20000078                . = ALIGN (0x4)
                0x20000078                _edata = .
                0x20000078                __data_end__ = .

.igot.plt       0x20000078        0x0 load address 0x0800207c
 .igot.plt      0x00000000        0x0 ./system/src/stm32f4-hal/stm32f4xx_hal.o

.bss_CCMRAM     0x10000000        0x0
 *(.bss.CCMRAM .bss.CCMRAM.*)

.bss            0x20000078       0x60
                0x20000078                __bss_start__ = .
                0x20000078                _sbss = .
 *(.bss_begin .bss_begin.*)
 .bss_begin     0x20000078        0x4 ./system/src/newlib/_startup.o
 *(.bss .bss.*)
 .bss.uwTick    0x2000007c        0x4 ./system/src/stm32f4-hal/stm32f4xx_hal.o
 .bss.current_heap_end.4289
                0x20000080        0x4 ./system/src/newlib/_sbrk.o
 .bss.name.4460
                0x20000084        0x4 ./system/src/newlib/_syscalls.o
 .bss.randomMod
                0x20000088        0x4 ./src/main.o
                0x20000088                randomMod
 .bss.__malloc_sbrk_start
                0x2000008c        0x4 d:/development/gcc-arm-none-eabi-4_8-2014q2/bin/../lib/gcc/arm-none-eabi/4.8.4/../../../../arm-none-eabi/lib/armv7e-m\libg_s.a(lib_a-nano-mallocr.o)
                0x2000008c                __malloc_sbrk_start
 .bss.__malloc_free_list
                0x20000090        0x4 d:/development/gcc-arm-none-eabi-4_8-2014q2/bin/../lib/gcc/arm-none-eabi/4.8.4/../../../../arm-none-eabi/lib/armv7e-m\libg_s.a(lib_a-nano-mallocr.o)
                0x20000090                __malloc_free_list
 *(COMMON)
 COMMON         0x20000094        0x4 ./system/src/newlib/_syscalls.o
                0x20000094                errno
 COMMON         0x20000098       0x3c ./src/main.o
                0x20000098                huart2
 *(.bss_end .bss_end.*)
 .bss_end       0x200000d4        0x4 ./system/src/newlib/_startup.o
                0x200000d8                . = ALIGN (0x4)
                0x200000d8                __bss_end__ = .
                0x200000d8                _ebss = .

.noinit_CCMRAM
 *(.noinit.CCMRAM .noinit.CCMRAM.*)

.noinit         0x200000d8        0x0
                0x200000d8                _noinit = .
 *(.noinit .noinit.*)
                0x200000d8                . = ALIGN (0x4)
                0x200000d8                _end_noinit = .
                0x200000d8                PROVIDE (end, _end_noinit)
                0x200000d8                PROVIDE (_end, _end_noinit)
                0x200000d8                PROVIDE (__end, _end_noinit)
                0x200000d8                PROVIDE (__end__, _end_noinit)

._check_stack   0x200000d8      0x100
                0x200001d8                . = (. + _Minimum_Stack_Size)
 *fill*         0x200000d8      0x100 

.b1text
 *(.b1text)
 *(.b1rodata)
 *(.b1rodata.*)

.eb0text
 *(.eb0text)
 *(.eb0rodata)
 *(.eb0rodata.*)

.eb1text
 *(.eb1text)
 *(.eb1rodata)
 *(.eb1rodata.*)

.eb2text
 *(.eb2text)
 *(.eb2rodata)
 *(.eb2rodata.*)

.eb3text
 *(.eb3text)
 *(.eb3rodata)
 *(.eb3rodata.*)

.stab
 *(.stab)

.stabstr
 *(.stabstr)

.stab.excl
 *(.stab.excl)

.stab.exclstr
 *(.stab.exclstr)

.stab.index
 *(.stab.index)

.stab.indexstr
 *(.stab.indexstr)

.comment        0x00000000       0x70
 *(.comment)
 .comment       0x00000000       0x70 ./system/src/stm32f4-hal/stm32f4xx_hal.o
                                 0x71 (size before relaxing)
 .comment       0x00000000       0x71 ./system/src/stm32f4-hal/stm32f4xx_hal_cortex.o
 .comment       0x00000000       0x71 ./system/src/stm32f4-hal/stm32f4xx_hal_gpio.o
 .comment       0x00000000       0x71 ./system/src/stm32f4-hal/stm32f4xx_hal_rcc.o
 .comment       0x00000000       0x71 ./system/src/stm32f4-hal/stm32f4xx_hal_uart.o
 .comment       0x00000000       0x71 ./system/src/newlib/_exit.o
 .comment       0x00000000       0x71 ./system/src/newlib/_sbrk.o
 .comment       0x00000000       0x71 ./system/src/newlib/_startup.o
 .comment       0x00000000       0x71 ./system/src/newlib/_syscalls.o
 .comment       0x00000000       0x71 ./system/src/newlib/assert.o
 .comment       0x00000000       0x71 ./system/src/cortexm/_initialize_hardware.o
 .comment       0x00000000       0x71 ./system/src/cortexm/exception_handlers.o
 .comment       0x00000000       0x71 ./system/src/cmsis/system_stm32f4xx.o
 .comment       0x00000000       0x71 ./system/src/cmsis/vectors_stm32f4xx.o
 .comment       0x00000000       0x71 ./src/_initialize_hardware.o
 .comment       0x00000000       0x71 ./src/main.o
 .comment       0x00000000       0x71 ./src/setup_hw.o

.ARM.attributes
                0x00000000       0x33
 .ARM.attributes
                0x00000000       0x33 ./system/src/stm32f4-hal/stm32f4xx_hal.o
 .ARM.attributes
                0x00000033       0x33 ./system/src/stm32f4-hal/stm32f4xx_hal_cortex.o
 .ARM.attributes
                0x00000066       0x33 ./system/src/stm32f4-hal/stm32f4xx_hal_gpio.o
 .ARM.attributes
                0x00000099       0x33 ./system/src/stm32f4-hal/stm32f4xx_hal_rcc.o
 .ARM.attributes
                0x000000cc       0x33 ./system/src/stm32f4-hal/stm32f4xx_hal_uart.o
 .ARM.attributes
                0x000000ff       0x33 ./system/src/newlib/_exit.o
 .ARM.attributes
                0x00000132       0x33 ./system/src/newlib/_sbrk.o
 .ARM.attributes
                0x00000165       0x33 ./system/src/newlib/_startup.o
 .ARM.attributes
                0x00000198       0x33 ./system/src/newlib/_syscalls.o
 .ARM.attributes
                0x000001cb       0x33 ./system/src/newlib/assert.o
 .ARM.attributes
                0x000001fe       0x33 ./system/src/cortexm/_initialize_hardware.o
 .ARM.attributes
                0x00000231       0x33 ./system/src/cortexm/exception_handlers.o
 .ARM.attributes
                0x00000264       0x33 ./system/src/cmsis/system_stm32f4xx.o
 .ARM.attributes
                0x00000297       0x33 ./system/src/cmsis/vectors_stm32f4xx.o
 .ARM.attributes
                0x000002ca       0x33 ./src/_initialize_hardware.o
 .ARM.attributes
                0x000002fd       0x33 ./src/main.o
 .ARM.attributes
                0x00000330       0x33 ./src/setup_hw.o
 .ARM.attributes
                0x00000363       0x2e d:/development/gcc-arm-none-eabi-4_8-2014q2/bin/../lib/gcc/arm-none-eabi/4.8.4/../../../../arm-none-eabi/lib/armv7e-m\libg_s.a(lib_a-errno.o)
 .ARM.attributes
                0x00000391       0x2e d:/development/gcc-arm-none-eabi-4_8-2014q2/bin/../lib/gcc/arm-none-eabi/4.8.4/../../../../arm-none-eabi/lib/armv7e-m\libg_s.a(lib_a-impure.o)
 .ARM.attributes
                0x000003bf       0x2e d:/development/gcc-arm-none-eabi-4_8-2014q2/bin/../lib/gcc/arm-none-eabi/4.8.4/../../../../arm-none-eabi/lib/armv7e-m\libg_s.a(lib_a-rand.o)
 .ARM.attributes
                0x000003ed       0x2e d:/development/gcc-arm-none-eabi-4_8-2014q2/bin/../lib/gcc/arm-none-eabi/4.8.4/../../../../arm-none-eabi/lib/armv7e-m\libg_s.a(lib_a-malloc.o)
 .ARM.attributes
                0x0000041b       0x2e d:/development/gcc-arm-none-eabi-4_8-2014q2/bin/../lib/gcc/arm-none-eabi/4.8.4/../../../../arm-none-eabi/lib/armv7e-m\libg_s.a(lib_a-nano-mallocr.o)
 .ARM.attributes
                0x00000449       0x2e d:/development/gcc-arm-none-eabi-4_8-2014q2/bin/../lib/gcc/arm-none-eabi/4.8.4/../../../../arm-none-eabi/lib/armv7e-m\libg_s.a(lib_a-sbrkr.o)

.debug
 *(.debug)

.line
 *(.line)

.debug_srcinfo
 *(.debug_srcinfo)

.debug_sfnames
 *(.debug_sfnames)

.debug_aranges  0x00000000      0x668
 *(.debug_aranges)
 .debug_aranges
                0x00000000       0xc0 ./system/src/stm32f4-hal/stm32f4xx_hal.o
 .debug_aranges
                0x000000c0       0x90 ./system/src/stm32f4-hal/stm32f4xx_hal_cortex.o
 .debug_aranges
                0x00000150       0x58 ./system/src/stm32f4-hal/stm32f4xx_hal_gpio.o
 .debug_aranges
                0x000001a8       0x88 ./system/src/stm32f4-hal/stm32f4xx_hal_rcc.o
 .debug_aranges
                0x00000230      0x148 ./system/src/stm32f4-hal/stm32f4xx_hal_uart.o
 .debug_aranges
                0x00000378       0x28 ./system/src/newlib/_exit.o
 .debug_aranges
                0x000003a0       0x20 ./system/src/newlib/_sbrk.o
 .debug_aranges
                0x000003c0       0x40 ./system/src/newlib/_startup.o
 .debug_aranges
                0x00000400       0xd0 ./system/src/newlib/_syscalls.o
 .debug_aranges
                0x000004d0       0x28 ./system/src/newlib/assert.o
 .debug_aranges
                0x000004f8       0x28 ./system/src/cortexm/_initialize_hardware.o
 .debug_aranges
                0x00000520       0x68 ./system/src/cortexm/exception_handlers.o
 .debug_aranges
                0x00000588       0x28 ./system/src/cmsis/system_stm32f4xx.o
 .debug_aranges
                0x000005b0       0x20 ./system/src/cmsis/vectors_stm32f4xx.o
 .debug_aranges
                0x000005d0       0x28 ./src/_initialize_hardware.o
 .debug_aranges
                0x000005f8       0x48 ./src/main.o
 .debug_aranges
                0x00000640       0x28 ./src/setup_hw.o

.debug_pubnames
 *(.debug_pubnames)

.debug_info     0x00000000     0x7623
 *(.debug_info .gnu.linkonce.wi.*)
 .debug_info    0x00000000      0x7fe ./system/src/stm32f4-hal/stm32f4xx_hal.o
 .debug_info    0x000007fe      0xcf4 ./system/src/stm32f4-hal/stm32f4xx_hal_cortex.o
 .debug_info    0x000014f2      0x833 ./system/src/stm32f4-hal/stm32f4xx_hal_gpio.o
 .debug_info    0x00001d25     0x1343 ./system/src/stm32f4-hal/stm32f4xx_hal_rcc.o
 .debug_info    0x00003068     0x13d6 ./system/src/stm32f4-hal/stm32f4xx_hal_uart.o
 .debug_info    0x0000443e       0xee ./system/src/newlib/_exit.o
 .debug_info    0x0000452c      0x125 ./system/src/newlib/_sbrk.o
 .debug_info    0x00004651      0x512 ./system/src/newlib/_startup.o
 .debug_info    0x00004b63      0x8f3 ./system/src/newlib/_syscalls.o
 .debug_info    0x00005456      0x17e ./system/src/newlib/assert.o
 .debug_info    0x000055d4       0xea ./system/src/cortexm/_initialize_hardware.o
 .debug_info    0x000056be       0xe9 ./system/src/cortexm/exception_handlers.o
 .debug_info    0x000057a7      0x4a7 ./system/src/cmsis/system_stm32f4xx.o
 .debug_info    0x00005c4e       0x92 ./system/src/cmsis/vectors_stm32f4xx.o
 .debug_info    0x00005ce0      0x4d7 ./src/_initialize_hardware.o
 .debug_info    0x000061b7      0x9ce ./src/main.o
 .debug_info    0x00006b85      0xa9e ./src/setup_hw.o

.debug_abbrev   0x00000000     0x1a3e
 *(.debug_abbrev)
 .debug_abbrev  0x00000000      0x222 ./system/src/stm32f4-hal/stm32f4xx_hal.o
 .debug_abbrev  0x00000222      0x2c5 ./system/src/stm32f4-hal/stm32f4xx_hal_cortex.o
 .debug_abbrev  0x000004e7      0x1fe ./system/src/stm32f4-hal/stm32f4xx_hal_gpio.o
 .debug_abbrev  0x000006e5      0x2fb ./system/src/stm32f4-hal/stm32f4xx_hal_rcc.o
 .debug_abbrev  0x000009e0      0x271 ./system/src/stm32f4-hal/stm32f4xx_hal_uart.o
 .debug_abbrev  0x00000c51       0xb7 ./system/src/newlib/_exit.o
 .debug_abbrev  0x00000d08       0xbb ./system/src/newlib/_sbrk.o
 .debug_abbrev  0x00000dc3      0x227 ./system/src/newlib/_startup.o
 .debug_abbrev  0x00000fea      0x178 ./system/src/newlib/_syscalls.o
 .debug_abbrev  0x00001162       0xb6 ./system/src/newlib/assert.o
 .debug_abbrev  0x00001218       0x88 ./system/src/cortexm/_initialize_hardware.o
 .debug_abbrev  0x000012a0       0x65 ./system/src/cortexm/exception_handlers.o
 .debug_abbrev  0x00001305      0x104 ./system/src/cmsis/system_stm32f4xx.o
 .debug_abbrev  0x00001409       0x92 ./system/src/cmsis/vectors_stm32f4xx.o
 .debug_abbrev  0x0000149b      0x17e ./src/_initialize_hardware.o
 .debug_abbrev  0x00001619      0x281 ./src/main.o
 .debug_abbrev  0x0000189a      0x1a4 ./src/setup_hw.o

.debug_line     0x00000000     0x6eb1
 *(.debug_line)
 .debug_line    0x00000000      0x904 ./system/src/stm32f4-hal/stm32f4xx_hal.o
 .debug_line    0x00000904      0x93c ./system/src/stm32f4-hal/stm32f4xx_hal_cortex.o
 .debug_line    0x00001240      0x915 ./system/src/stm32f4-hal/stm32f4xx_hal_gpio.o
 .debug_line    0x00001b55      0xc9d ./system/src/stm32f4-hal/stm32f4xx_hal_rcc.o
 .debug_line    0x000027f2      0xeb3 ./system/src/stm32f4-hal/stm32f4xx_hal_uart.o
 .debug_line    0x000036a5      0x27d ./system/src/newlib/_exit.o
 .debug_line    0x00003922      0x230 ./system/src/newlib/_sbrk.o
 .debug_line    0x00003b52      0x30a ./system/src/newlib/_startup.o
 .debug_line    0x00003e5c      0x48e ./system/src/newlib/_syscalls.o
 .debug_line    0x000042ea      0x2a2 ./system/src/newlib/assert.o
 .debug_line    0x0000458c      0x7ba ./system/src/cortexm/_initialize_hardware.o
 .debug_line    0x00004d46       0x9f ./system/src/cortexm/exception_handlers.o
 .debug_line    0x00004de5      0x7bb ./system/src/cmsis/system_stm32f4xx.o
 .debug_line    0x000055a0       0x89 ./system/src/cmsis/vectors_stm32f4xx.o
 .debug_line    0x00005629      0x7b0 ./src/_initialize_hardware.o
 .debug_line    0x00005dd9      0x932 ./src/main.o
 .debug_line    0x0000670b      0x7a6 ./src/setup_hw.o

.debug_frame    0x00000000      0xefc
 *(.debug_frame)
 .debug_frame   0x00000000      0x184 ./system/src/stm32f4-hal/stm32f4xx_hal.o
 .debug_frame   0x00000184      0x134 ./system/src/stm32f4-hal/stm32f4xx_hal_cortex.o
 .debug_frame   0x000002b8       0xf4 ./system/src/stm32f4-hal/stm32f4xx_hal_gpio.o
 .debug_frame   0x000003ac      0x140 ./system/src/stm32f4-hal/stm32f4xx_hal_rcc.o
 .debug_frame   0x000004ec      0x358 ./system/src/stm32f4-hal/stm32f4xx_hal_uart.o
 .debug_frame   0x00000844       0x38 ./system/src/newlib/_exit.o
 .debug_frame   0x0000087c       0x28 ./system/src/newlib/_sbrk.o
 .debug_frame   0x000008a4       0x80 ./system/src/newlib/_startup.o
 .debug_frame   0x00000924      0x230 ./system/src/newlib/_syscalls.o
 .debug_frame   0x00000b54       0x40 ./system/src/newlib/assert.o
 .debug_frame   0x00000b94       0x40 ./system/src/cortexm/_initialize_hardware.o
 .debug_frame   0x00000bd4       0xb8 ./system/src/cortexm/exception_handlers.o
 .debug_frame   0x00000c8c       0x30 ./system/src/cmsis/system_stm32f4xx.o
 .debug_frame   0x00000cbc       0x20 ./system/src/cmsis/vectors_stm32f4xx.o
 .debug_frame   0x00000cdc       0x44 ./src/_initialize_hardware.o
 .debug_frame   0x00000d20       0xb4 ./src/main.o
 .debug_frame   0x00000dd4       0x3c ./src/setup_hw.o
 .debug_frame   0x00000e10       0x20 d:/development/gcc-arm-none-eabi-4_8-2014q2/bin/../lib/gcc/arm-none-eabi/4.8.4/../../../../arm-none-eabi/lib/armv7e-m\libg_s.a(lib_a-errno.o)
 .debug_frame   0x00000e30       0x44 d:/development/gcc-arm-none-eabi-4_8-2014q2/bin/../lib/gcc/arm-none-eabi/4.8.4/../../../../arm-none-eabi/lib/armv7e-m\libg_s.a(lib_a-rand.o)
 .debug_frame   0x00000e74       0x30 d:/development/gcc-arm-none-eabi-4_8-2014q2/bin/../lib/gcc/arm-none-eabi/4.8.4/../../../../arm-none-eabi/lib/armv7e-m\libg_s.a(lib_a-malloc.o)
 .debug_frame   0x00000ea4       0x2c d:/development/gcc-arm-none-eabi-4_8-2014q2/bin/../lib/gcc/arm-none-eabi/4.8.4/../../../../arm-none-eabi/lib/armv7e-m\libg_s.a(lib_a-nano-mallocr.o)
 .debug_frame   0x00000ed0       0x2c d:/development/gcc-arm-none-eabi-4_8-2014q2/bin/../lib/gcc/arm-none-eabi/4.8.4/../../../../arm-none-eabi/lib/armv7e-m\libg_s.a(lib_a-sbrkr.o)

.debug_str      0x00000000    0x57179
 *(.debug_str)
 .debug_str     0x00000000    0x5198e ./system/src/stm32f4-hal/stm32f4xx_hal.o
                              0x51b34 (size before relaxing)
 .debug_str     0x0005198e      0x2a3 ./system/src/stm32f4-hal/stm32f4xx_hal_cortex.o
                              0x51900 (size before relaxing)
 .debug_str     0x00051c31      0x600 ./system/src/stm32f4-hal/stm32f4xx_hal_gpio.o
                              0x518a3 (size before relaxing)
 .debug_str     0x00052231      0x437 ./system/src/stm32f4-hal/stm32f4xx_hal_rcc.o
                              0x517b3 (size before relaxing)
 .debug_str     0x00052668      0x830 ./system/src/stm32f4-hal/stm32f4xx_hal_uart.o
                              0x51a61 (size before relaxing)
 .debug_str     0x00052e98     0x280f ./system/src/newlib/_exit.o
                               0x4ee8 (size before relaxing)
 .debug_str     0x000556a7      0x4de ./system/src/newlib/_sbrk.o
                               0x449e (size before relaxing)
 .debug_str     0x00055b85      0x2cc ./system/src/newlib/_startup.o
                               0x3f8e (size before relaxing)
 .debug_str     0x00055e51      0xe42 ./system/src/newlib/_syscalls.o
                               0x535d (size before relaxing)
 .debug_str     0x00056c93       0xd7 ./system/src/newlib/assert.o
                               0x58b2 (size before relaxing)
 .debug_str     0x00056d6a       0x67 ./system/src/cortexm/_initialize_hardware.o
                              0x511a4 (size before relaxing)
 .debug_str     0x00056dd1       0xe8 ./system/src/cortexm/exception_handlers.o
                               0x252a (size before relaxing)
 .debug_str     0x00056eb9       0x46 ./system/src/cmsis/system_stm32f4xx.o
                              0x51317 (size before relaxing)
 .debug_str     0x00056eff       0x57 ./system/src/cmsis/vectors_stm32f4xx.o
                               0x24c7 (size before relaxing)
 .debug_str     0x00056f56       0x35 ./src/_initialize_hardware.o
                              0x51414 (size before relaxing)
 .debug_str     0x00056f8b      0x1d4 ./src/main.o
                              0x52f24 (size before relaxing)
 .debug_str     0x0005715f       0x1a ./src/setup_hw.o
                              0x51b8f (size before relaxing)

.debug_loc      0x00000000     0x2fb7
 *(.debug_loc)
 .debug_loc     0x00000000       0x6a ./system/src/stm32f4-hal/stm32f4xx_hal.o
 .debug_loc     0x0000006a      0x63b ./system/src/stm32f4-hal/stm32f4xx_hal_cortex.o
 .debug_loc     0x000006a5      0x40d ./system/src/stm32f4-hal/stm32f4xx_hal_gpio.o
 .debug_loc     0x00000ab2      0x893 ./system/src/stm32f4-hal/stm32f4xx_hal_rcc.o
 .debug_loc     0x00001345      0xf8e ./system/src/stm32f4-hal/stm32f4xx_hal_uart.o
 .debug_loc     0x000022d3       0x6b ./system/src/newlib/_sbrk.o
 .debug_loc     0x0000233e      0x36e ./system/src/newlib/_startup.o
 .debug_loc     0x000026ac      0x549 ./system/src/newlib/_syscalls.o
 .debug_loc     0x00002bf5       0xc6 ./system/src/newlib/assert.o
 .debug_loc     0x00002cbb      0x125 ./system/src/cmsis/system_stm32f4xx.o
 .debug_loc     0x00002de0      0x1ab ./src/main.o
 .debug_loc     0x00002f8b       0x2c ./src/setup_hw.o

.debug_macinfo
 *(.debug_macinfo)

.debug_weaknames
 *(.debug_weaknames)

.debug_funcnames
 *(.debug_funcnames)

.debug_typenames
 *(.debug_typenames)

.debug_varnames
 *(.debug_varnames)
OUTPUT(RGBMatrixDriver.elf elf32-littlearm)

.debug_ranges   0x00000000      0x5c0
 .debug_ranges  0x00000000       0xb0 ./system/src/stm32f4-hal/stm32f4xx_hal.o
 .debug_ranges  0x000000b0       0x80 ./system/src/stm32f4-hal/stm32f4xx_hal_cortex.o
 .debug_ranges  0x00000130       0x48 ./system/src/stm32f4-hal/stm32f4xx_hal_gpio.o
 .debug_ranges  0x00000178       0x78 ./system/src/stm32f4-hal/stm32f4xx_hal_rcc.o
 .debug_ranges  0x000001f0      0x138 ./system/src/stm32f4-hal/stm32f4xx_hal_uart.o
 .debug_ranges  0x00000328       0x18 ./system/src/newlib/_exit.o
 .debug_ranges  0x00000340       0x10 ./system/src/newlib/_sbrk.o
 .debug_ranges  0x00000350       0x60 ./system/src/newlib/_startup.o
 .debug_ranges  0x000003b0       0xc0 ./system/src/newlib/_syscalls.o
 .debug_ranges  0x00000470       0x18 ./system/src/newlib/assert.o
 .debug_ranges  0x00000488       0x18 ./system/src/cortexm/_initialize_hardware.o
 .debug_ranges  0x000004a0       0x58 ./system/src/cortexm/exception_handlers.o
 .debug_ranges  0x000004f8       0x18 ./system/src/cmsis/system_stm32f4xx.o
 .debug_ranges  0x00000510       0x10 ./system/src/cmsis/vectors_stm32f4xx.o
 .debug_ranges  0x00000520       0x18 ./src/_initialize_hardware.o
 .debug_ranges  0x00000538       0x70 ./src/main.o
 .debug_ranges  0x000005a8       0x18 ./src/setup_hw.o

.debug_macro    0x00000000     0xeac3
 .debug_macro   0x00000000      0x340 ./system/src/stm32f4-hal/stm32f4xx_hal.o
 .debug_macro   0x00000340      0x86e ./system/src/stm32f4-hal/stm32f4xx_hal.o
 .debug_macro   0x00000bae      0x250 ./system/src/stm32f4-hal/stm32f4xx_hal.o
 .debug_macro   0x00000dfe       0x28 ./system/src/stm32f4-hal/stm32f4xx_hal.o
 .debug_macro   0x00000e26       0x28 ./system/src/stm32f4-hal/stm32f4xx_hal.o
 .debug_macro   0x00000e4e       0x3b ./system/src/stm32f4-hal/stm32f4xx_hal.o
 .debug_macro   0x00000e89       0x16 ./system/src/stm32f4-hal/stm32f4xx_hal.o
 .debug_macro   0x00000e9f       0x44 ./system/src/stm32f4-hal/stm32f4xx_hal.o
 .debug_macro   0x00000ee3      0x209 ./system/src/stm32f4-hal/stm32f4xx_hal.o
 .debug_macro   0x000010ec       0x2d ./system/src/stm32f4-hal/stm32f4xx_hal.o
 .debug_macro   0x00001119       0x26 ./system/src/stm32f4-hal/stm32f4xx_hal.o
 .debug_macro   0x0000113f      0xd39 ./system/src/stm32f4-hal/stm32f4xx_hal.o
 .debug_macro   0x00001e78     0x4f96 ./system/src/stm32f4-hal/stm32f4xx_hal.o
 .debug_macro   0x00006e0e       0x43 ./system/src/stm32f4-hal/stm32f4xx_hal.o
 .debug_macro   0x00006e51       0x57 ./system/src/stm32f4-hal/stm32f4xx_hal.o
 .debug_macro   0x00006ea8      0xb9c ./system/src/stm32f4-hal/stm32f4xx_hal.o
 .debug_macro   0x00007a44       0x26 ./system/src/stm32f4-hal/stm32f4xx_hal.o
 .debug_macro   0x00007a6a      0x13f ./system/src/stm32f4-hal/stm32f4xx_hal.o
 .debug_macro   0x00007ba9       0xf1 ./system/src/stm32f4-hal/stm32f4xx_hal.o
 .debug_macro   0x00007c9a      0x2cd ./system/src/stm32f4-hal/stm32f4xx_hal.o
 .debug_macro   0x00007f67       0x52 ./system/src/stm32f4-hal/stm32f4xx_hal.o
 .debug_macro   0x00007fb9      0x3ec ./system/src/stm32f4-hal/stm32f4xx_hal.o
 .debug_macro   0x000083a5      0x14c ./system/src/stm32f4-hal/stm32f4xx_hal.o
 .debug_macro   0x000084f1       0x22 ./system/src/stm32f4-hal/stm32f4xx_hal.o
 .debug_macro   0x00008513      0x132 ./system/src/stm32f4-hal/stm32f4xx_hal.o
 .debug_macro   0x00008645      0x25d ./system/src/stm32f4-hal/stm32f4xx_hal.o
 .debug_macro   0x000088a2      0x1e6 ./system/src/stm32f4-hal/stm32f4xx_hal.o
 .debug_macro   0x00008a88       0x22 ./system/src/stm32f4-hal/stm32f4xx_hal.o
 .debug_macro   0x00008aaa      0x1ae ./system/src/stm32f4-hal/stm32f4xx_hal.o
 .debug_macro   0x00008c58       0xa4 ./system/src/stm32f4-hal/stm32f4xx_hal.o
 .debug_macro   0x00008cfc      0x16e ./system/src/stm32f4-hal/stm32f4xx_hal.o
 .debug_macro   0x00008e6a       0x52 ./system/src/stm32f4-hal/stm32f4xx_hal.o
 .debug_macro   0x00008ebc      0x3d7 ./system/src/stm32f4-hal/stm32f4xx_hal.o
 .debug_macro   0x00009293      0x313 ./system/src/stm32f4-hal/stm32f4xx_hal.o
 .debug_macro   0x000095a6      0x4b7 ./system/src/stm32f4-hal/stm32f4xx_hal.o
 .debug_macro   0x00009a5d      0x22b ./system/src/stm32f4-hal/stm32f4xx_hal.o
 .debug_macro   0x00009c88      0x1d1 ./system/src/stm32f4-hal/stm32f4xx_hal.o
 .debug_macro   0x00009e59      0x84c ./system/src/stm32f4-hal/stm32f4xx_hal.o
 .debug_macro   0x0000a6a5       0x4d ./system/src/stm32f4-hal/stm32f4xx_hal.o
 .debug_macro   0x0000a6f2      0x23a ./system/src/stm32f4-hal/stm32f4xx_hal.o
 .debug_macro   0x0000a92c      0x1d8 ./system/src/stm32f4-hal/stm32f4xx_hal.o
 .debug_macro   0x0000ab04      0x168 ./system/src/stm32f4-hal/stm32f4xx_hal.o
 .debug_macro   0x0000ac6c      0x1d8 ./system/src/stm32f4-hal/stm32f4xx_hal.o
 .debug_macro   0x0000ae44       0x85 ./system/src/stm32f4-hal/stm32f4xx_hal.o
 .debug_macro   0x0000aec9      0x1df ./system/src/stm32f4-hal/stm32f4xx_hal.o
 .debug_macro   0x0000b0a8      0x108 ./system/src/stm32f4-hal/stm32f4xx_hal.o
 .debug_macro   0x0000b1b0       0x12 ./system/src/stm32f4-hal/stm32f4xx_hal.o
 .debug_macro   0x0000b1c2       0x74 ./system/src/stm32f4-hal/stm32f4xx_hal.o
 .debug_macro   0x0000b236      0x11f ./system/src/stm32f4-hal/stm32f4xx_hal.o
 .debug_macro   0x0000b355      0x2f2 ./system/src/stm32f4-hal/stm32f4xx_hal_cortex.o
 .debug_macro   0x0000b647      0x331 ./system/src/stm32f4-hal/stm32f4xx_hal_gpio.o
 .debug_macro   0x0000b978      0x334 ./system/src/stm32f4-hal/stm32f4xx_hal_rcc.o
 .debug_macro   0x0000bcac      0x2fa ./system/src/stm32f4-hal/stm32f4xx_hal_uart.o
 .debug_macro   0x0000bfa6      0x11b ./system/src/newlib/_exit.o
 .debug_macro   0x0000c0c1       0xa3 ./system/src/newlib/_exit.o
 .debug_macro   0x0000c164      0x10e ./system/src/newlib/_exit.o
 .debug_macro   0x0000c272       0x86 ./system/src/newlib/_exit.o
 .debug_macro   0x0000c2f8       0x43 ./system/src/newlib/_exit.o
 .debug_macro   0x0000c33b       0x10 ./system/src/newlib/_exit.o
 .debug_macro   0x0000c34b       0x35 ./system/src/newlib/_exit.o
 .debug_macro   0x0000c380       0xd1 ./system/src/newlib/_sbrk.o
 .debug_macro   0x0000c451       0x19 ./system/src/newlib/_sbrk.o
 .debug_macro   0x0000c46a      0x16d ./system/src/newlib/_sbrk.o
 .debug_macro   0x0000c5d7       0x10 ./system/src/newlib/_sbrk.o
 .debug_macro   0x0000c5e7      0x23b ./system/src/newlib/_sbrk.o
 .debug_macro   0x0000c822       0xe7 ./system/src/newlib/_startup.o
 .debug_macro   0x0000c909      0x874 ./system/src/newlib/_startup.o
 .debug_macro   0x0000d17d      0x169 ./system/src/newlib/_syscalls.o
 .debug_macro   0x0000d2e6       0x1c ./system/src/newlib/_syscalls.o
 .debug_macro   0x0000d302       0x10 ./system/src/newlib/_syscalls.o
 .debug_macro   0x0000d312       0x10 ./system/src/newlib/_syscalls.o
 .debug_macro   0x0000d322       0x10 ./system/src/newlib/_syscalls.o
 .debug_macro   0x0000d332       0x35 ./system/src/newlib/_syscalls.o
 .debug_macro   0x0000d367      0x120 ./system/src/newlib/_syscalls.o
 .debug_macro   0x0000d487       0x22 ./system/src/newlib/_syscalls.o
 .debug_macro   0x0000d4a9       0x2b ./system/src/newlib/_syscalls.o
 .debug_macro   0x0000d4d4      0x118 ./system/src/newlib/_syscalls.o
 .debug_macro   0x0000d5ec      0x13a ./system/src/newlib/_syscalls.o
 .debug_macro   0x0000d726       0x16 ./system/src/newlib/_syscalls.o
 .debug_macro   0x0000d73c      0x137 ./system/src/newlib/assert.o
 .debug_macro   0x0000d873       0x1c ./system/src/newlib/assert.o
 .debug_macro   0x0000d88f      0x20f ./system/src/newlib/assert.o
 .debug_macro   0x0000da9e      0x2fc ./system/src/cortexm/_initialize_hardware.o
 .debug_macro   0x0000dd9a       0x1b ./system/src/cortexm/exception_handlers.o
 .debug_macro   0x0000ddb5      0x2f8 ./system/src/cmsis/system_stm32f4xx.o
 .debug_macro   0x0000e0ad       0x1b ./system/src/cmsis/vectors_stm32f4xx.o
 .debug_macro   0x0000e0c8      0x2f2 ./src/_initialize_hardware.o
 .debug_macro   0x0000e3ba      0x3c6 ./src/main.o
 .debug_macro   0x0000e780       0x51 ./src/main.o
 .debug_macro   0x0000e7d1      0x2f2 ./src/setup_hw.o
